^[[1;31m[ERROR]    Can't find "stego.lock" in ( wrongdirectory ).^[[0m$
$
