$
^[[1;33m[QUERY]    ( 0.2.4 ) binary not found in ( ./amboso-tagsv0.2.4 ).^[[0m$
